{"type":"server-started","port":62801,"host":"127.0.0.1","url_host":"localhost","url":"http://localhost:62801","screen_dir":"/Users/jonasahnstedt/git/slaktforskning/.superpowers/brainstorm/57914-1777100663/content","state_dir":"/Users/jonasahnstedt/git/slaktforskning/.superpowers/brainstorm/57914-1777100663/state"}
{"type":"screen-added","file":"/Users/jonasahnstedt/git/slaktforskning/.superpowers/brainstorm/57914-1777100663/content/approach.html"}
{"source":"user-event","type":"click","text":"Johannes Andersson\n          Born 1850 · Göteborg\n          \n            Birth1850\n            Marriage1875\n          \n          + Add event →\n        \n        \n          Add event ×\n          \n            TypeBirth\n            Date\n            Place\n            ▶ Add source\n          \n          \n            Cancel\n            Save\n          \n        \n      \n    \n    \n      B — Side panel for all add/edit workflows\n      No centred modals. Everything opens as a right-side panel (PersonPanel aesthetic). Context stays visible. More room for fields. Bigger change.","choice":"b","id":null,"timestamp":1777100928627}
{"type":"screen-added","file":"/Users/jonasahnstedt/git/slaktforskning/.superpowers/brainstorm/57914-1777100663/content/slider-mechanic.html"}
{"type":"screen-added","file":"/Users/jonasahnstedt/git/slaktforskning/.superpowers/brainstorm/57914-1777100663/content/recursive-panels.html"}
{"type":"screen-added","file":"/Users/jonasahnstedt/git/slaktforskning/.superpowers/brainstorm/57914-1777100663/content/person-modal.html"}
{"type":"screen-added","file":"/Users/jonasahnstedt/git/slaktforskning/.superpowers/brainstorm/57914-1777100663/content/person-modal-v2.html"}
{"type":"screen-added","file":"/Users/jonasahnstedt/git/slaktforskning/.superpowers/brainstorm/57914-1777100663/content/keyboard-flow.html"}
{"type":"screen-added","file":"/Users/jonasahnstedt/git/slaktforskning/.superpowers/brainstorm/57914-1777100663/content/cardinality.html"}
{"type":"screen-added","file":"/Users/jonasahnstedt/git/slaktforskning/.superpowers/brainstorm/57914-1777100663/content/stacked-cards.html"}
{"type":"screen-added","file":"/Users/jonasahnstedt/git/slaktforskning/.superpowers/brainstorm/57914-1777100663/content/flush-sections.html"}
{"type":"screen-added","file":"/Users/jonasahnstedt/git/slaktforskning/.superpowers/brainstorm/57914-1777100663/content/flush-sections-v2.html"}
{"type":"screen-added","file":"/Users/jonasahnstedt/git/slaktforskning/.superpowers/brainstorm/57914-1777100663/content/flush-sections-v3.html"}
{"type":"screen-updated","file":"/Users/jonasahnstedt/git/slaktforskning/.superpowers/brainstorm/57914-1777100663/content/flush-sections-v3.html"}
{"type":"screen-updated","file":"/Users/jonasahnstedt/git/slaktforskning/.superpowers/brainstorm/57914-1777100663/content/flush-sections-v3.html"}
{"type":"screen-updated","file":"/Users/jonasahnstedt/git/slaktforskning/.superpowers/brainstorm/57914-1777100663/content/flush-sections-v3.html"}
{"type":"screen-updated","file":"/Users/jonasahnstedt/git/slaktforskning/.superpowers/brainstorm/57914-1777100663/content/flush-sections-v3.html"}
{"type":"screen-added","file":"/Users/jonasahnstedt/git/slaktforskning/.superpowers/brainstorm/57914-1777100663/content/citation-options.html"}
{"type":"screen-added","file":"/Users/jonasahnstedt/git/slaktforskning/.superpowers/brainstorm/57914-1777100663/content/citation-flow.html"}
{"type":"screen-added","file":"/Users/jonasahnstedt/git/slaktforskning/.superpowers/brainstorm/57914-1777100663/content/full-flow.html"}
{"type":"screen-updated","file":"/Users/jonasahnstedt/git/slaktforskning/.superpowers/brainstorm/57914-1777100663/content/flush-sections-v3.html"}
{"type":"server-stopped","reason":"idle timeout"}
